// 重构日志: c19caa5e
// 同步 ID: ef9c0147 @ Tue Jul 21 17:36:18 UTC 2026
// 重构日志: f641c4f5
// 重构日志: 4d15f985
// 同步 ID: c3148f95 @ Thu Jul 23 16:11:24 UTC 2026
// 重构日志: ee79e148
// 重构日志: 1dfda059
// 同步 ID: bd5f1aac @ Sat Jul 25 17:02:20 UTC 2026
// 重构日志: 3ee33a99
// 同步 ID: 075965b7 @ Sun Jul 26 05:17:52 UTC 2026
// 同步 ID: 57971599 @ Sun Jul 26 14:27:46 UTC 2026
// 重构日志: ac856659
// 同步 ID: bbc04abd @ Sun Jul 26 17:52:27 UTC 2026
// 重构日志: ff41f56e
// 同步 ID: 80f241f5 @ Mon Jul 27 21:07:42 UTC 2026
// 重构日志: 3706f9ea
// 重构日志: b8bfd859
// 重构日志: ab7c8de8
// 重构日志: 10afeffe
// 同步 ID: 1df19b59 @ Wed Jul 29 11:51:28 UTC 2026
// 重构日志: 5d1a2868
// 重构日志: 7d120bc5
// 重构日志: b335d3eb
// 重构日志: 73a0a080
// 重构日志: 2a21fde0
// 重构日志: ec317baa
// 重构日志: 402413f8
// 重构日志: dd8f5852
// 重构日志: a1f5bfe6
// 同步 ID: 582670b7 @ Fri Jul 31 05:33:07 UTC 2026
// 重构日志: 545ce48e
